Archive member included because of file (symbol)

c:/winavr-20100110/bin/../lib/gcc/avr/4.3.3/../../../../avr/lib/avr51\libm.a(addsf3.o)
                              obj/rios.o (__addsf3)
c:/winavr-20100110/bin/../lib/gcc/avr/4.3.3/../../../../avr/lib/avr51\libm.a(addsf3x.o)
                              c:/winavr-20100110/bin/../lib/gcc/avr/4.3.3/../../../../avr/lib/avr51\libm.a(addsf3.o) (__addsf3x)
c:/winavr-20100110/bin/../lib/gcc/avr/4.3.3/../../../../avr/lib/avr51\libm.a(divsf3.o)
                              obj/lcd.o (__divsf3)
c:/winavr-20100110/bin/../lib/gcc/avr/4.3.3/../../../../avr/lib/avr51\libm.a(divsf3x.o)
                              c:/winavr-20100110/bin/../lib/gcc/avr/4.3.3/../../../../avr/lib/avr51\libm.a(divsf3.o) (__divsf3x)
c:/winavr-20100110/bin/../lib/gcc/avr/4.3.3/../../../../avr/lib/avr51\libm.a(fixunssfsi.o)
                              obj/rios.o (__fixunssfsi)
c:/winavr-20100110/bin/../lib/gcc/avr/4.3.3/../../../../avr/lib/avr51\libm.a(floatsisf.o)
                              obj/rios.o (__floatunsisf)
c:/winavr-20100110/bin/../lib/gcc/avr/4.3.3/../../../../avr/lib/avr51\libm.a(fp_inf.o)
                              c:/winavr-20100110/bin/../lib/gcc/avr/4.3.3/../../../../avr/lib/avr51\libm.a(addsf3x.o) (__fp_inf)
c:/winavr-20100110/bin/../lib/gcc/avr/4.3.3/../../../../avr/lib/avr51\libm.a(fp_nan.o)
                              c:/winavr-20100110/bin/../lib/gcc/avr/4.3.3/../../../../avr/lib/avr51\libm.a(addsf3x.o) (__fp_nan)
c:/winavr-20100110/bin/../lib/gcc/avr/4.3.3/../../../../avr/lib/avr51\libm.a(fp_pscA.o)
                              c:/winavr-20100110/bin/../lib/gcc/avr/4.3.3/../../../../avr/lib/avr51\libm.a(addsf3x.o) (__fp_pscA)
c:/winavr-20100110/bin/../lib/gcc/avr/4.3.3/../../../../avr/lib/avr51\libm.a(fp_pscB.o)
                              c:/winavr-20100110/bin/../lib/gcc/avr/4.3.3/../../../../avr/lib/avr51\libm.a(addsf3x.o) (__fp_pscB)
c:/winavr-20100110/bin/../lib/gcc/avr/4.3.3/../../../../avr/lib/avr51\libm.a(fp_round.o)
                              c:/winavr-20100110/bin/../lib/gcc/avr/4.3.3/../../../../avr/lib/avr51\libm.a(addsf3.o) (__fp_round)
c:/winavr-20100110/bin/../lib/gcc/avr/4.3.3/../../../../avr/lib/avr51\libm.a(fp_split3.o)
                              c:/winavr-20100110/bin/../lib/gcc/avr/4.3.3/../../../../avr/lib/avr51\libm.a(addsf3x.o) (__fp_split3)
c:/winavr-20100110/bin/../lib/gcc/avr/4.3.3/../../../../avr/lib/avr51\libm.a(fp_zero.o)
                              c:/winavr-20100110/bin/../lib/gcc/avr/4.3.3/../../../../avr/lib/avr51\libm.a(addsf3x.o) (__fp_zero)
c:/winavr-20100110/bin/../lib/gcc/avr/4.3.3/../../../../avr/lib/avr51\libm.a(mulsf3.o)
                              obj/rios.o (__mulsf3)
c:/winavr-20100110/bin/../lib/gcc/avr/4.3.3/../../../../avr/lib/avr51\libm.a(mulsf3x.o)
                              c:/winavr-20100110/bin/../lib/gcc/avr/4.3.3/../../../../avr/lib/avr51\libm.a(mulsf3.o) (__mulsf3x)
c:/winavr-20100110/bin/../lib/gcc/avr/4.3.3/avr51\libgcc.a(_mulsi3.o)
                              obj/display_controller.o (__mulsi3)
c:/winavr-20100110/bin/../lib/gcc/avr/4.3.3/avr51\libgcc.a(_udivmodsi4.o)
                              obj/display_controller.o (__udivmodsi4)
c:/winavr-20100110/bin/../lib/gcc/avr/4.3.3/avr51\libgcc.a(_exit.o)
                              c:/winavr-20100110/bin/../lib/gcc/avr/4.3.3/../../../../avr/lib/avr51/crtusb1286.o (exit)
c:/winavr-20100110/bin/../lib/gcc/avr/4.3.3/avr51\libgcc.a(_clear_bss.o)
                              obj/Joystick.o (__do_clear_bss)
c:/winavr-20100110/bin/../lib/gcc/avr/4.3.3/../../../../avr/lib/avr51\libc.a(dtostrf.o)
                              obj/display_controller.o (dtostrf)
c:/winavr-20100110/bin/../lib/gcc/avr/4.3.3/../../../../avr/lib/avr51\libc.a(malloc.o)
                              obj/display_controller.o (malloc)
c:/winavr-20100110/bin/../lib/gcc/avr/4.3.3/../../../../avr/lib/avr51\libc.a(memcpy_P.o)
                              obj/RNDISClassDevice.o (memcpy_P)
c:/winavr-20100110/bin/../lib/gcc/avr/4.3.3/../../../../avr/lib/avr51\libc.a(strlen_P.o)
                              obj/CDCClassDevice.o (strlen_P)
c:/winavr-20100110/bin/../lib/gcc/avr/4.3.3/../../../../avr/lib/avr51\libc.a(memcmp.o)
                              obj/HIDClassDevice.o (memcmp)
c:/winavr-20100110/bin/../lib/gcc/avr/4.3.3/../../../../avr/lib/avr51\libc.a(memcpy.o)
                              obj/HIDClassDevice.o (memcpy)
c:/winavr-20100110/bin/../lib/gcc/avr/4.3.3/../../../../avr/lib/avr51\libc.a(memset.o)
                              obj/HIDClassDevice.o (memset)
c:/winavr-20100110/bin/../lib/gcc/avr/4.3.3/../../../../avr/lib/avr51\libc.a(strcpy.o)
                              obj/display_controller.o (strcpy)
c:/winavr-20100110/bin/../lib/gcc/avr/4.3.3/../../../../avr/lib/avr51\libc.a(sprintf.o)
                              obj/ruota.o (sprintf)
c:/winavr-20100110/bin/../lib/gcc/avr/4.3.3/../../../../avr/lib/avr51\libc.a(vfprintf_std.o)
[...]
Memory Configuration

Name             Origin             Length             Attributes
text             0x00000000         0x00020000         xr
data             0x00800060         0x0000ffa0         rw !x
eeprom           0x00810000         0x00010000         rw !x
fuse             0x00820000         0x00000400         rw !x
lock             0x00830000         0x00000400         rw !x
signature        0x00840000         0x00000400         rw !x
*default*        0x00000000         0xffffffff

Linker script and memory map

Address of section .data set to 0x800100
LOAD c:/winavr-20100110/bin/../lib/gcc/avr/4.3.3/../../../../avr/lib/avr51/crtusb1286.o
LOAD obj/Joystick.o
LOAD obj/Descriptors.o
LOAD obj/sdmm.o
LOAD obj/os.o
LOAD obj/ruota.o
LOAD obj/rios.o
LOAD obj/lcd.o
LOAD obj/display_controller.o
LOAD obj/HIDParser.o
LOAD obj/Device_AVR8.o
LOAD obj/EndpointStream_AVR8.o
LOAD obj/Endpoint_AVR8.o
LOAD obj/Host_AVR8.o
LOAD obj/PipeStream_AVR8.o
LOAD obj/Pipe_AVR8.o
LOAD obj/USBController_AVR8.o
LOAD obj/USBInterrupt_AVR8.o
LOAD obj/ConfigDescriptors.o
LOAD obj/DeviceStandardReq.o
LOAD obj/Events.o
LOAD obj/HostStandardReq.o
LOAD obj/USBTask.o
LOAD obj/AudioClassDevice.o
LOAD obj/CDCClassDevice.o
LOAD obj/HIDClassDevice.o
LOAD obj/MassStorageClassDevice.o
LOAD obj/MIDIClassDevice.o
LOAD obj/PrinterClassDevice.o
LOAD obj/RNDISClassDevice.o
LOAD obj/AndroidAccessoryClassHost.o
LOAD obj/AudioClassHost.o
LOAD obj/CDCClassHost.o
LOAD obj/HIDClassHost.o
LOAD obj/MassStorageClassHost.o
LOAD obj/MIDIClassHost.o
LOAD obj/PrinterClassHost.o
LOAD obj/RNDISClassHost.o
LOAD obj/StillImageClassHost.o
LOAD c:/winavr-20100110/bin/../lib/gcc/avr/4.3.3/../../../../avr/lib/avr51\libm.a
LOAD c:/winavr-20100110/bin/../lib/gcc/avr/4.3.3/avr51\libgcc.a
LOAD c:/winavr-20100110/bin/../lib/gcc/avr/4.3.3/../../../../avr/lib/avr51\libc.a
LOAD c:/winavr-20100110/bin/../lib/gcc/avr/4.3.3/avr51\libgcc.a

.hash
 *(.hash)

.dynsym
 *(.dynsym)

.dynstr
 *(.dynstr)

.gnu.version
 *(.gnu.version)

.gnu.version_d
 *(.gnu.version_d)

.gnu.version_r
 *(.gnu.version_r)

.rel.init
 *(.rel.init)

.rela.init
 *(.rela.init)

.rel.text
 *(.rel.text)
 *(.rel.text.*)
 *(.rel.gnu.linkonce.t*)

.rela.text
 *(.rela.text)
 *(.rela.text.*)
 *(.rela.gnu.linkonce.t*)

.rel.fini
 *(.rel.fini)

.rela.fini
 *(.rela.fini)

.rel.rodata
 *(.rel.rodata)
 *(.rel.rodata.*)
 *(.rel.gnu.linkonce.r*)

.rela.rodata
 *(.rela.rodata)
 *(.rela.rodata.*)
 *(.rela.gnu.linkonce.r*)

.rel.data
 *(.rel.data)
 *(.rel.data.*)
 *(.rel.gnu.linkonce.d*)

.rela.data
 *(.rela.data)
 *(.rela.data.*)
 *(.rela.gnu.linkonce.d*)

.rel.ctors
 *(.rel.ctors)

.rela.ctors
 *(.rela.ctors)

.rel.dtors
 *(.rel.dtors)

.rela.dtors
 *(.rela.dtors)

.rel.got
 *(.rel.got)

.rela.got
 *(.rela.got)

.rel.bss
 *(.rel.bss)

.rela.bss
 *(.rela.bss)

.rel.plt
 *(.rel.plt)

.rela.plt
 *(.rela.plt)

.text           0x00000000     0x944c
 *(.vectors)
 .vectors       0x00000000       0x98 c:/winavr-20100110/bin/../lib/gcc/avr/4.3.3/../../../../avr/lib/avr51/crtusb1286.o
                0x00000000                __vectors
                0x00000000                __vector_default
 *(.vectors)
 *(.progmem.gcc*)
 *(.progmem*)
 .progmem.data  0x00000098       0xb5 obj/Descriptors.o
                0x000000f7                ManufacturerString
                0x000000f3                LanguageString
                0x00000098                JoystickReport
                0x000000bf                DeviceDescriptor
                0x00000113                ProductString
                0x000000d1                ConfigurationDescriptor
 .progmem.data  0x0000014d     0x5edb obj/lcd.o
                0x00000328                Unispace7x14
                0x0000014d                font5x7
                0x000008c8                Unispace29x58
 .progmem.data  0x00006028       0xfa c:/winavr-20100110/bin/../lib/gcc/avr/4.3.3/../../../../avr/lib/avr51\libc.a(ftoa_engine.o)
                0x00006122                . = ALIGN (0x2)
                0x00006122                __trampolines_start = .
 *(.trampolines)
 .trampolines   0x00006122        0x0 linker stubs
 *(.trampolines*)
                0x00006122                __trampolines_end = .
 *(.jumptables)
 *(.jumptables*)
 *(.lowtext)
 *(.lowtext*)
                0x00006122                __ctors_start = .
 *(.ctors)
                0x00006122                __ctors_end = .
                0x00006122                __dtors_start = .
 *(.dtors)
                0x00006122                __dtors_end = .
 SORT(*)(.ctors)
 SORT(*)(.dtors)
 *(.init0)
 .init0         0x00006122        0x0 c:/winavr-20100110/bin/../lib/gcc/avr/4.3.3/../../../../avr/lib/avr51/crtusb1286.o
                0x00006122                __init
 *(.init0)
 *(.init1)
 *(.init1)
 *(.init2)
 .init2         0x00006122        0xc c:/winavr-20100110/bin/../lib/gcc/avr/4.3.3/../../../../avr/lib/avr51/crtusb1286.o
 *(.init2)
 *(.init3)
 *(.init3)
 *(.init4)
 .init4         0x0000612e       0x1a c:/winavr-20100110/bin/../lib/gcc/avr/4.3.3/../../../../avr/lib/avr51/crtusb1286.o
                0x0000612e                __do_copy_data
 .init4         0x00006148       0x10 c:/winavr-20100110/bin/../lib/gcc/avr/4.3.3/avr51\libgcc.a(_clear_bss.o)
                0x00006148                __do_clear_bss
 *(.init4)
 *(.init5)
 *(.init5)
 *(.init6)
 *(.init6)
 *(.init7)
 *(.init7)
 *(.init8)
 *(.init8)
 *(.init9)
 .init9         0x00006158        0x6 c:/winavr-20100110/bin/../lib/gcc/avr/4.3.3/../../../../avr/lib/avr51/crtusb1286.o
 *(.init9)
 *(.text)
 .text          0x0000615e        0x4 c:/winavr-20100110/bin/../lib/gcc/avr/4.3.3/../../../../avr/lib/avr51/crtusb1286.o
                0x0000615e                __vector_22
                0x0000615e                __vector_28
                0x0000615e                __vector_1
                0x0000615e                __vector_32
                0x0000615e                __vector_34
                0x0000615e                __vector_24
                0x0000615e                __vector_12
                0x0000615e                __bad_interrupt
                0x0000615e                __vector_6
                0x0000615e                __vector_31
                0x0000615e                __vector_35
                0x0000615e                __vector_3
                0x0000615e                __vector_30
                0x0000615e                __vector_25
                0x0000615e                __vector_11
                0x0000615e                __vector_13
                0x0000615e                __vector_17
                0x0000615e                __vector_19
                0x0000615e                __vector_7
                0x0000615e                __vector_27
                0x0000615e                __vector_5
                0x0000615e                __vector_33
                0x0000615e                __vector_37
                0x0000615e                __vector_4
                0x0000615e                __vector_9
                0x0000615e                __vector_2
                0x0000615e                __vector_21
                0x0000615e                __vector_15
                0x0000615e                __vector_36
                0x0000615e                __vector_29
                0x0000615e                __vector_8
                0x0000615e                __vector_26
                0x0000615e                __vector_14
                0x0000615e                __vector_16
                0x0000615e                __vector_18
                0x0000615e                __vector_20
                0x00006162                . = ALIGN (0x2)
 *(.text.*)
 .text.EVENT_USB_Device_Connect
                0x00006162        0x2 obj/Joystick.o
                0x00006162                EVENT_USB_Device_Connect
 .text.EVENT_USB_Device_Disconnect
                0x00006164        0x2 obj/Joystick.o
                0x00006164                EVENT_USB_Device_Disconnect
 .text.EVENT_USB_Device_StartOfFrame
                0x00006166       0x18 obj/Joystick.o
                0x00006166                EVENT_USB_Device_StartOfFrame
 .text.CALLBACK_HID_Device_ProcessHIDReport
                0x0000617e        0x6 obj/Joystick.o
                0x0000617e                CALLBACK_HID_Device_ProcessHIDReport
 .text.CALLBACK_HID_Device_CreateHIDReport
                0x00006184       0x64 obj/Joystick.o
                0x00006184                CALLBACK_HID_Device_CreateHIDReport
 .text.EVENT_USB_Device_ControlRequest
                0x000061e8        0x8 obj/Joystick.o
                0x000061e8                EVENT_USB_Device_ControlRequest
 .text.EVENT_USB_Device_ConfigurationChanged
                0x000061f0       0x14 obj/Joystick.o
                0x000061f0                EVENT_USB_Device_ConfigurationChanged
 .text.SetupUSB
                0x00006204       0x2e obj/Joystick.o
                0x00006204                SetupUSB
 .text.collect_delta
                0x00006232       0x36 obj/Joystick.o
                0x00006232                collect_delta
 .text.send_usb
                0x00006268       0x1e obj/Joystick.o
                0x00006268                send_usb
 .text.main     0x00006286       0x34 obj/Joystick.o
                0x00006286                main
 .text.CALLBACK_USB_GetDescriptor
                0x000062ba       0x80 obj/Descriptors.o
                0x000062ba                CALLBACK_USB_GetDescriptor
 .text.os_init  0x0000633a       0x12 obj/os.o
                0x0000633a                os_init
 .text.get_extern_switch_D
                0x0000634c        0x6 obj/ruota.o
                0x0000634c                get_extern_switch_D
 .text.get_extern_switch_F
                0x00006352        0x6 obj/ruota.o
                0x00006352                get_extern_switch_F
 .text.init_external_switches
                0x00006358       0x1a obj/ruota.o
                0x00006358                init_external_switches
 .text.scan_encoder
                0x00006372       0x3a obj/ruota.o
                0x00006372                scan_encoder
 .text.os_enc_delta
                0x000063ac       0x16 obj/ruota.o
                0x000063ac                os_enc_delta
 .text.scan_switches
                0x000063c2       0xea obj/ruota.o
                0x000063c2                scan_switches
 .text.get_switch_press
                0x000064ac       0x16 obj/ruota.o
                0x000064ac                get_switch_press
 .text.os_init_ruota
                0x000064c2       0x46 obj/ruota.o
                0x000064c2                os_init_ruota
 .text.__vector_23
                0x00006508      0x19c obj/rios.o
                0x00006508                __vector_23
 .text.os_init_scheduler
                0x000066a4       0x18 obj/rios.o
                0x000066a4                os_init_scheduler
 .text.os_add_task
                0x000066bc       0x92 obj/rios.o
                0x000066bc                os_add_task
 .text.set_orientation
                0x0000674e       0xee obj/lcd.o
                0x0000674e                set_orientation
 .text.fill_rectangle
                0x0000683c      0x16a obj/lcd.o
                0x0000683c                fill_rectangle
 .text.clear_screen
                0x000069a6       0x7c obj/lcd.o
                0x000069a6                clear_screen
 .text.init_lcd
                0x00006a22      0x13a obj/lcd.o
                0x00006a22                init_lcd
 .text.display_char_font_col
                0x00006b5c      0x1b8 obj/lcd.o
                0x00006b5c                display_char_font_col
 .text.display_char_font
                0x00006d14       0x14 obj/lcd.o
                0x00006d14                display_char_font
 .text.display_string_font
                0x00006d28       0x86 obj/lcd.o
                0x00006d28                display_string_font
 .text.display_string_font_col
                0x00006dae       0xa0 obj/lcd.o
                0x00006dae                display_string_font_col
 .text.milli_to_string
                0x00006e4e      0x118 obj/display_controller.o
                0x00006e4e                milli_to_string
 .text.delta_string
                0x00006f66       0x60 obj/display_controller.o
                0x00006f66                delta_string
 .text.draw_delta
                0x00006fc6      0x102 obj/display_controller.o
                0x00006fc6                draw_delta
 .text.draw_laptime
                0x000070c8       0xee obj/display_controller.o
                0x000070c8                draw_laptime
 .text.draw_laptime_current
                0x000071b6       0x70 obj/display_controller.o
                0x000071b6                draw_laptime_current
 .text.draw_laptime_best
                0x00007226       0x70 obj/display_controller.o
                0x00007226                draw_laptime_best
 .text.clear_display_laptimes
                0x00007296       0x2c obj/display_controller.o
                0x00007296                clear_display_laptimes
 .text.display_laptimes
                0x000072c2       0xd4 obj/display_controller.o
                0x000072c2                display_laptimes
 .text.refresh_display
                0x00007396        0xc obj/display_controller.o
                0x00007396                refresh_display
 .text.init_display_laptimes
                0x000073a2       0x84 obj/display_controller.o
                0x000073a2                init_display_laptimes
 .text.collect_switch_presses
                0x00007426        0x8 obj/display_controller.o
                0x00007426                collect_switch_presses
 .text.init_display_controller
                0x0000742e       0x48 obj/display_controller.o
                0x0000742e                init_display_controller
 .text.process_ac_data
                0x00007476       0x30 obj/display_controller.o
                0x00007476                process_ac_data
 .text.process_ac_tyre_data
                0x000074a6       0x30 obj/display_controller.o
                0x000074a6                process_ac_tyre_data
 .text.receive_packet
                0x000074d6       0x18 obj/display_controller.o
                0x000074d6                receive_packet
 .text.Endpoint_Write_Control_Stream_LE
                0x000074ee       0xc8 obj/EndpointStream_AVR8.o
                0x000074ee                Endpoint_Write_Control_Stream_LE
 .text.Endpoint_Read_Control_Stream_LE
                0x000075b6       0x82 obj/EndpointStream_AVR8.o
                0x000075b6                Endpoint_Read_Control_Stream_LE
 .text.Endpoint_Write_Control_PStream_LE
                0x00007638       0xca obj/EndpointStream_AVR8.o
                0x00007638                Endpoint_Write_Control_PStream_LE
 .text.Endpoint_Write_Stream_LE
                0x00007702       0xa4 obj/EndpointStream_AVR8.o
                0x00007702                Endpoint_Write_Stream_LE
 .text.Endpoint_ConfigureEndpoint_Prv
                0x000077a6       0x70 obj/Endpoint_AVR8.o
                0x000077a6                Endpoint_ConfigureEndpoint_Prv
 .text.Endpoint_ConfigureEndpointTable
                0x00007816       0x78 obj/Endpoint_AVR8.o
                0x00007816                Endpoint_ConfigureEndpointTable
 .text.Endpoint_ClearStatusStage
                0x0000788e       0x42 obj/Endpoint_AVR8.o
                0x0000788e                Endpoint_ClearStatusStage
 .text.Endpoint_WaitUntilReady
                0x000078d0       0x64 obj/Endpoint_AVR8.o
                0x000078d0                Endpoint_WaitUntilReady
 .text.USB_ResetInterface
                0x00007934       0x92 obj/USBController_AVR8.o
                0x00007934                USB_ResetInterface
 .text.USB_Init
                0x000079c6       0x1c obj/USBController_AVR8.o
                0x000079c6                USB_Init
 .text.USB_INT_DisableAllInterrupts
                0x000079e2       0x10 obj/USBInterrupt_AVR8.o
                0x000079e2                USB_INT_DisableAllInterrupts
 .text.USB_INT_ClearAllInterrupts
                0x000079f2        0xa obj/USBInterrupt_AVR8.o
                0x000079f2                USB_INT_ClearAllInterrupts
 .text.__vector_10
                0x000079fc      0x19a obj/USBInterrupt_AVR8.o
                0x000079fc                __vector_10
 .text.USB_Device_ProcessControlRequest
                0x00007b96      0x2e6 obj/DeviceStandardReq.o
                0x00007b96                USB_Device_ProcessControlRequest
 .text.USB_Event_Stub
                0x00007e7c        0x2 obj/Events.o
                0x00007e7c                EVENT_USB_Device_WakeUp
                0x00007e7c                USB_Event_Stub
                0x00007e7c                EVENT_USB_Device_Suspend
                0x00007e7c                EVENT_USB_Device_Reset
 .text.USB_USBTask
                0x00007e7e       0x2a obj/USBTask.o
                0x00007e7e                USB_USBTask
 .text.HID_Device_USBTask
                0x00007ea8      0x19e obj/HIDClassDevice.o
                0x00007ea8                HID_Device_USBTask
 .text.HID_Device_ConfigureEndpoints
                0x00008046       0x42 obj/HIDClassDevice.o
                0x00008046                HID_Device_ConfigureEndpoints
 .text.HID_Device_ProcessControlRequest
                0x00008088      0x294 obj/HIDClassDevice.o
                0x00008088                HID_Device_ProcessControlRequest
 .text.avr-libc.fplib
                0x0000831c        0xa c:/winavr-20100110/bin/../lib/gcc/avr/4.3.3/../../../../avr/lib/avr51\libm.a(addsf3.o)
                0x0000831c                __subsf3
                0x0000831e                __addsf3
 .text.avr-libc.fplib
                0x00008326       0xc0 c:/winavr-20100110/bin/../lib/gcc/avr/4.3.3/../../../../avr/lib/avr51\libm.a(addsf3x.o)
                0x00008340                __addsf3x
 .text.avr-libc.fplib
                0x000083e6        0x4 c:/winavr-20100110/bin/../lib/gcc/avr/4.3.3/../../../../avr/lib/avr51\libm.a(divsf3.o)
                0x000083e6                __divsf3
 .text.avr-libc.fplib
                0x000083ea       0xcc c:/winavr-20100110/bin/../lib/gcc/avr/4.3.3/../../../../avr/lib/avr51\libm.a(divsf3x.o)
                0x00008400                __divsf3x
                0x00008404                __divsf3_pse
 .text.avr-libc.fplib
                0x000084b6       0x58 c:/winavr-20100110/bin/../lib/gcc/avr/4.3.3/../../../../avr/lib/avr51\libm.a(fixunssfsi.o)
                0x000084b6                __fixunssfsi
 .text.avr-libc.fplib
                0x0000850e       0x7a c:/winavr-20100110/bin/../lib/gcc/avr/4.3.3/../../../../avr/lib/avr51\libm.a(floatsisf.o)
                0x00008512                __floatsisf
                0x0000850e                __floatunsisf
 .text.avr-libc.fplib
                0x00008588        0xc c:/winavr-20100110/bin/../lib/gcc/avr/4.3.3/../../../../avr/lib/avr51\libm.a(fp_inf.o)
                0x00008588                __fp_inf
 .text.avr-libc.fplib
                0x00008594        0x6 c:/winavr-20100110/bin/../lib/gcc/avr/4.3.3/../../../../avr/lib/avr51\libm.a(fp_nan.o)
                0x00008594                __fp_nan
 .text.avr-libc.fplib
                0x0000859a        0xe c:/winavr-20100110/bin/../lib/gcc/avr/4.3.3/../../../../avr/lib/avr51\libm.a(fp_pscA.o)
                0x0000859a                __fp_pscA
 .text.avr-libc.fplib
                0x000085a8        0xe c:/winavr-20100110/bin/../lib/gcc/avr/4.3.3/../../../../avr/lib/avr51\libm.a(fp_pscB.o)
                0x000085a8                __fp_pscB
 .text.avr-libc.fplib
                0x000085b6       0x22 c:/winavr-20100110/bin/../lib/gcc/avr/4.3.3/../../../../avr/lib/avr51\libm.a(fp_round.o)
                0x000085b6                __fp_round
 .text.avr-libc.fplib
                0x000085d8       0x44 c:/winavr-20100110/bin/../lib/gcc/avr/4.3.3/../../../../avr/lib/avr51\libm.a(fp_split3.o)
                0x000085d8                __fp_split3
                0x000085e8                __fp_splitA
 .text.avr-libc.fplib
                0x0000861c        0xe c:/winavr-20100110/bin/../lib/gcc/avr/4.3.3/../../../../avr/lib/avr51\libm.a(fp_zero.o)
                0x0000861c                __fp_zero
                0x0000861e                __fp_szero
 .text.avr-libc.fplib
                0x0000862a        0x4 c:/winavr-20100110/bin/../lib/gcc/avr/4.3.3/../../../../avr/lib/avr51\libm.a(mulsf3.o)
                0x0000862a                __mulsf3
 .text.avr-libc.fplib
                0x0000862e       0xc2 c:/winavr-20100110/bin/../lib/gcc/avr/4.3.3/../../../../avr/lib/avr51\libm.a(mulsf3x.o)
                0x00008646                __mulsf3_pse
                0x00008642                __mulsf3x
 .text.libgcc   0x000086f0       0x3e c:/winavr-20100110/bin/../lib/gcc/avr/4.3.3/avr51\libgcc.a(_mulsi3.o)
                0x000086f0                __mulsi3
 .text.libgcc   0x0000872e       0x44 c:/winavr-20100110/bin/../lib/gcc/avr/4.3.3/avr51\libgcc.a(_udivmodsi4.o)
                0x0000872e                __udivmodsi4
 .text.avr-libc
                0x00008772       0x40 c:/winavr-20100110/bin/../lib/gcc/avr/4.3.3/../../../../avr/lib/avr51\libc.a(dtostrf.o)
                0x00008772                dtostrf
 .text.avr-libc
                0x000087b2      0x20a c:/winavr-20100110/bin/../lib/gcc/avr/4.3.3/../../../../avr/lib/avr51\libc.a(malloc.o)
                0x000087b2                malloc
                0x0000890c                free
 .text.avr-libc
                0x000089bc       0x1a c:/winavr-20100110/bin/../lib/gcc/avr/4.3.3/../../../../avr/lib/avr51\libc.a(memcmp.o)
                0x000089bc                memcmp
 .text.avr-libc
                0x000089d6       0x12 c:/winavr-20100110/bin/../lib/gcc/avr/4.3.3/../../../../avr/lib/avr51\libc.a(memcpy.o)
                0x000089d6                memcpy
 .text.avr-libc
                0x000089e8        0xe c:/winavr-20100110/bin/../lib/gcc/avr/4.3.3/../../../../avr/lib/avr51\libc.a(memset.o)
                0x000089e8                memset
 .text.avr-libc
                0x000089f6        0xe c:/winavr-20100110/bin/../lib/gcc/avr/4.3.3/../../../../avr/lib/avr51\libc.a(strcpy.o)
                0x000089f6                strcpy
 .text.avr-libc
                0x00008a04       0x60 c:/winavr-20100110/bin/../lib/gcc/avr/4.3.3/../../../../avr/lib/avr51\libc.a(sprintf.o)
                0x00008a04                sprintf
 .text.avr-libc
                0x00008a64      0x3f2 c:/winavr-20100110/bin/../lib/gcc/avr/4.3.3/../../../../avr/lib/avr51\libc.a(vfprintf_std.o)
                0x00008a64                vfprintf
 .text.avr-libc
                0x00008e56      0x302 c:/winavr-20100110/bin/../lib/gcc/avr/4.3.3/../../../../avr/lib/avr51\libc.a(dtoa_prf.o)
                0x00008e56                dtoa_prf
 .text.avr-libc
                0x00009158      0x1b0 c:/winavr-20100110/bin/../lib/gcc/avr/4.3.3/../../../../avr/lib/avr51\libc.a(ftoa_engine.o)
                0x00009158                __ftoa_engine
 .text.avr-libc
                0x00009308       0x16 c:/winavr-20100110/bin/../lib/gcc/avr/4.3.3/../../../../avr/lib/avr51\libc.a(strnlen_P.o)
                0x00009308                strnlen_P
 .text.avr-libc
                0x0000931e       0x16 c:/winavr-20100110/bin/../lib/gcc/avr/4.3.3/../../../../avr/lib/avr51\libc.a(strnlen.o)
                0x0000931e                strnlen
 .text.avr-libc
                0x00009334       0x58 c:/winavr-20100110/bin/../lib/gcc/avr/4.3.3/../../../../avr/lib/avr51\libc.a(fputc.o)
                0x00009334                fputc
 .text.avr-libc
                0x0000938c       0xbc c:/winavr-20100110/bin/../lib/gcc/avr/4.3.3/../../../../avr/lib/avr51\libc.a(ultoa_invert.o)
                0x0000938c                __ultoa_invert
                0x00009448                . = ALIGN (0x2)
 *(.fini9)
 .fini9         0x00009448        0x0 c:/winavr-20100110/bin/../lib/gcc/avr/4.3.3/avr51\libgcc.a(_exit.o)
                0x00009448                exit
                0x00009448                _exit
 *(.fini9)
 *(.fini8)
 *(.fini8)
 *(.fini7)
 *(.fini7)
 *(.fini6)
 *(.fini6)
 *(.fini5)
 *(.fini5)
 *(.fini4)
 *(.fini4)
 *(.fini3)
 *(.fini3)
 *(.fini2)
 *(.fini2)
 *(.fini1)
 *(.fini1)
 *(.fini0)
 .fini0         0x00009448        0x4 c:/winavr-20100110/bin/../lib/gcc/avr/4.3.3/avr51\libgcc.a(_exit.o)
 *(.fini0)
                0x0000944c                _etext = .

.data           0x00800100       0x4a load address 0x0000944c
                0x00800100                PROVIDE (__data_start, .)
 *(.data)
 .data          0x00800100       0x10 obj/Joystick.o
                0x00800100                Joystick_HID_Interface
 .data          0x00800110       0x10 obj/rios.o
                0x0080011c                idleTask
                0x00800110                tasksNum
                0x00800111                runningTasks
 .data          0x00800120       0x24 obj/display_controller.o
 .data          0x00800144        0x6 c:/winavr-20100110/bin/../lib/gcc/avr/4.3.3/../../../../avr/lib/avr51\libc.a(malloc.o)
                0x00800146                __malloc_heap_start
                0x00800148                __malloc_heap_end
                0x00800144                __malloc_margin
 *(.data*)
 *(.rodata)
 *(.rodata*)
 *(.gnu.linkonce.d*)
                0x0080014a                . = ALIGN (0x2)
                0x0080014a                _edata = .
                0x0080014a                PROVIDE (__data_end, .)

.bss            0x0080014a      0x30f
                0x0080014a                PROVIDE (__bss_start, .)
 *(.bss)
 .bss           0x0080014a        0x2 obj/Joystick.o
 .bss           0x0080014c        0x8 obj/ruota.o
 .bss           0x00800154        0x3 obj/rios.o
                0x00800154                currentTask
                0x00800155                schedule_time
 .bss           0x00800157       0x24 obj/display_controller.o
 *(.bss*)
 *(COMMON)
 COMMON         0x0080017b      0x230 obj/Joystick.o
                0x0080017b                FatFs
                0x008003a9                position
 COMMON         0x008003ab        0x6 obj/ruota.o
                0x008003ab                switch_press
                0x008003ac                switch_rpt
                0x008003ad                switch_state
                0x008003ae                extern_switch_state_D
                0x008003af                delta
                0x008003b0                extern_switch_state_F
 COMMON         0x008003b1       0x82 obj/rios.o
                0x008003b1                tasks
 COMMON         0x00800433        0xd obj/lcd.o
                0x00800433                display
 COMMON         0x00800440        0x8 obj/display_controller.o
                0x00800440                acData
                0x00800442                display_mode
                0x00800443                ac_tyre_data_initialised
                0x00800444                ac_data_initialised
                0x00800445                current_game
                0x00800446                acTyreData
 COMMON         0x00800448        0x3 obj/DeviceStandardReq.o
                0x00800448                USB_Device_ConfigurationNumber
                0x00800449                USB_Device_CurrentlySelfPowered
                0x0080044a                USB_Device_RemoteWakeupEnabled
 COMMON         0x0080044b        0xa obj/USBTask.o
                0x0080044b                USB_IsInitialized
                0x0080044c                USB_DeviceState
                0x0080044d                USB_ControlRequest
 COMMON         0x00800455        0x4 c:/winavr-20100110/bin/../lib/gcc/avr/4.3.3/../../../../avr/lib/avr51\libc.a(malloc.o)
                0x00800455                __brkval
                0x00800457                __flp
                0x00800459                PROVIDE (__bss_end, .)
                0x0000944c                __data_load_start = LOADADDR (.data)
                0x00009496                __data_load_end = (__data_load_start + SIZEOF (.data))

.noinit         0x00800459        0x0
                0x00800459                PROVIDE (__noinit_start, .)
 *(.noinit*)
                0x00800459                PROVIDE (__noinit_end, .)
                0x00800459                _end = .
                0x00800459                PROVIDE (__heap_start, .)

.eeprom         0x00810000        0x0
 *(.eeprom*)
                0x00810000                __eeprom_end = .

.fuse
 *(.fuse)
 *(.lfuse)
 *(.hfuse)
 *(.efuse)

.lock
 *(.lock*)

.signature
 *(.signature*)

.stab
 *(.stab)

.stabstr
 *(.stabstr)

.stab.excl
 *(.stab.excl)

.stab.exclstr
 *(.stab.exclstr)

.stab.index
 *(.stab.index)

.stab.indexstr
 *(.stab.indexstr)

.comment
 *(.comment)

.debug
 *(.debug)

.line
 *(.line)

.debug_srcinfo
 *(.debug_srcinfo)

.debug_sfnames
 *(.debug_sfnames)

.debug_aranges  0x00000000      0x7e0
 *(.debug_aranges)
 .debug_aranges
                0x00000000       0x70 obj/Joystick.o
 .debug_aranges
                0x00000070       0x20 obj/Descriptors.o
 .debug_aranges
                0x00000090       0x88 obj/sdmm.o
 .debug_aranges
                0x00000118       0x38 obj/os.o
 .debug_aranges
                0x00000150       0x88 obj/ruota.o
 .debug_aranges
                0x000001d8       0x38 obj/rios.o
 .debug_aranges
                0x00000210       0x98 obj/lcd.o
 .debug_aranges
                0x000002a8       0x90 obj/display_controller.o
 .debug_aranges
                0x00000338       0x38 obj/HIDParser.o
 .debug_aranges
                0x00000370       0x20 obj/Device_AVR8.o
 .debug_aranges
                0x00000390       0xc8 obj/EndpointStream_AVR8.o
 .debug_aranges
                0x00000458       0x40 obj/Endpoint_AVR8.o
 .debug_aranges
                0x00000498       0x30 obj/USBController_AVR8.o
 .debug_aranges
                0x000004c8       0x30 obj/USBInterrupt_AVR8.o
 .debug_aranges
                0x000004f8       0x38 obj/ConfigDescriptors.o
 .debug_aranges
                0x00000530       0x20 obj/DeviceStandardReq.o
 .debug_aranges
                0x00000550       0x20 obj/Events.o
 .debug_aranges
                0x00000570       0x20 obj/USBTask.o
 .debug_aranges
                0x00000590       0x30 obj/AudioClassDevice.o
 .debug_aranges
                0x000005c0       0xa8 obj/CDCClassDevice.o
 .debug_aranges
                0x00000668       0x30 obj/HIDClassDevice.o
 .debug_aranges
                0x00000698       0x30 obj/MassStorageClassDevice.o
 .debug_aranges
                0x000006c8       0x40 obj/MIDIClassDevice.o
 .debug_aranges
                0x00000708       0x90 obj/PrinterClassDevice.o
 .debug_aranges
                0x00000798       0x48 obj/RNDISClassDevice.o

.debug_pubnames
                0x00000000     0x1546
 *(.debug_pubnames)
 .debug_pubnames
                0x00000000      0x177 obj/Joystick.o
 .debug_pubnames
                0x00000177       0xb1 obj/Descriptors.o
 .debug_pubnames
                0x00000228       0x62 obj/sdmm.o
 .debug_pubnames
                0x0000028a       0x59 obj/os.o
 .debug_pubnames
                0x000002e3      0x199 obj/ruota.o
 .debug_pubnames
                0x0000047c       0xb5 obj/rios.o
 .debug_pubnames
                0x00000531      0x1a5 obj/lcd.o
 .debug_pubnames
                0x000006d6      0x1cc obj/display_controller.o
 .debug_pubnames
                0x000008a2       0x7e obj/HIDParser.o
 .debug_pubnames
                0x00000920       0x32 obj/Device_AVR8.o
 .debug_pubnames
                0x00000952      0x2df obj/EndpointStream_AVR8.o
 .debug_pubnames
                0x00000c31       0xaf obj/Endpoint_AVR8.o
 .debug_pubnames
                0x00000ce0       0x46 obj/USBController_AVR8.o
 .debug_pubnames
                0x00000d26       0x62 obj/USBInterrupt_AVR8.o
 .debug_pubnames
                0x00000d88       0x9b obj/ConfigDescriptors.o
 .debug_pubnames
                0x00000e23       0xa1 obj/DeviceStandardReq.o
 .debug_pubnames
                0x00000ec4       0x25 obj/Events.o
 .debug_pubnames
                0x00000ee9       0x63 obj/USBTask.o
 .debug_pubnames
                0x00000f4c       0x79 obj/AudioClassDevice.o
 .debug_pubnames
                0x00000fc5      0x1c1 obj/CDCClassDevice.o
 .debug_pubnames
                0x00001186       0x70 obj/HIDClassDevice.o
 .debug_pubnames
                0x000011f6       0x6d obj/MassStorageClassDevice.o
 .debug_pubnames
                0x00001263       0xa6 obj/MIDIClassDevice.o
 .debug_pubnames
                0x00001309      0x16d obj/PrinterClassDevice.o
 .debug_pubnames
                0x00001476       0xd0 obj/RNDISClassDevice.o

.debug_info     0x00000000     0xb01a
 *(.debug_info)
 .debug_info    0x00000000      0x6b9 obj/Joystick.o
 .debug_info    0x000006b9      0x659 obj/Descriptors.o
 .debug_info    0x00000d12      0x592 obj/sdmm.o
 .debug_info    0x000012a4      0x32a obj/os.o
 .debug_info    0x000015ce      0x430 obj/ruota.o
 .debug_info    0x000019fe      0x241 obj/rios.o
 .debug_info    0x00001c3f      0xb30 obj/lcd.o
 .debug_info    0x0000276f      0x82e obj/display_controller.o
 .debug_info    0x00002f9d      0x6f2 obj/HIDParser.o
 .debug_info    0x0000368f       0xc4 obj/Device_AVR8.o
 .debug_info    0x00003753     0x15d4 obj/EndpointStream_AVR8.o
 .debug_info    0x00004d27      0x5f2 obj/Endpoint_AVR8.o
 .debug_info    0x00005319       0x61 obj/Host_AVR8.o
 .debug_info    0x0000537a       0x61 obj/PipeStream_AVR8.o
 .debug_info    0x000053db       0x61 obj/Pipe_AVR8.o
 .debug_info    0x0000543c      0x4aa obj/USBController_AVR8.o
 .debug_info    0x000058e6      0x571 obj/USBInterrupt_AVR8.o
 .debug_info    0x00005e57      0x34e obj/ConfigDescriptors.o
 .debug_info    0x000061a5      0x9d2 obj/DeviceStandardReq.o
 .debug_info    0x00006b77       0x79 obj/Events.o
 .debug_info    0x00006bf0       0x61 obj/HostStandardReq.o
 .debug_info    0x00006c51      0x269 obj/USBTask.o
 .debug_info    0x00006eba      0x55e obj/AudioClassDevice.o
 .debug_info    0x00007418      0xca6 obj/CDCClassDevice.o
 .debug_info    0x000080be      0x62d obj/HIDClassDevice.o
 .debug_info    0x000086eb      0x7ca obj/MassStorageClassDevice.o
 .debug_info    0x00008eb5      0x4d3 obj/MIDIClassDevice.o
 .debug_info    0x00009388      0xacc obj/PrinterClassDevice.o
 .debug_info    0x00009e54      0xe5d obj/RNDISClassDevice.o
 .debug_info    0x0000acb1       0x61 obj/AndroidAccessoryClassHost.o
 .debug_info    0x0000ad12       0x61 obj/AudioClassHost.o
 .debug_info    0x0000ad73       0x61 obj/CDCClassHost.o
 .debug_info    0x0000add4       0x61 obj/HIDClassHost.o
 .debug_info    0x0000ae35       0x61 obj/MassStorageClassHost.o
 .debug_info    0x0000ae96       0x61 obj/MIDIClassHost.o
 .debug_info    0x0000aef7       0x61 obj/PrinterClassHost.o
 .debug_info    0x0000af58       0x61 obj/RNDISClassHost.o
 .debug_info    0x0000afb9       0x61 obj/StillImageClassHost.o
 *(.gnu.linkonce.wi.*)

.debug_abbrev   0x00000000     0x2cfc
 *(.debug_abbrev)
 .debug_abbrev  0x00000000      0x1f3 obj/Joystick.o
 .debug_abbrev  0x000001f3      0x16c obj/Descriptors.o
 .debug_abbrev  0x0000035f      0x171 obj/sdmm.o
 .debug_abbrev  0x000004d0      0x13a obj/os.o
 .debug_abbrev  0x0000060a      0x17e obj/ruota.o
 .debug_abbrev  0x00000788      0x124 obj/rios.o
 .debug_abbrev  0x000008ac      0x280 obj/lcd.o
 .debug_abbrev  0x00000b2c      0x1dc obj/display_controller.o
 .debug_abbrev  0x00000d08      0x210 obj/HIDParser.o
 .debug_abbrev  0x00000f18       0x79 obj/Device_AVR8.o
 .debug_abbrev  0x00000f91      0x1bb obj/EndpointStream_AVR8.o
 .debug_abbrev  0x0000114c      0x1fb obj/Endpoint_AVR8.o
 .debug_abbrev  0x00001347       0x33 obj/Host_AVR8.o
 .debug_abbrev  0x0000137a       0x33 obj/PipeStream_AVR8.o
 .debug_abbrev  0x000013ad       0x33 obj/Pipe_AVR8.o
 .debug_abbrev  0x000013e0      0x134 obj/USBController_AVR8.o
 .debug_abbrev  0x00001514      0x17f obj/USBInterrupt_AVR8.o
 .debug_abbrev  0x00001693      0x15c obj/ConfigDescriptors.o
 .debug_abbrev  0x000017ef      0x256 obj/DeviceStandardReq.o
 .debug_abbrev  0x00001a45       0x4a obj/Events.o
 .debug_abbrev  0x00001a8f       0x33 obj/HostStandardReq.o
 .debug_abbrev  0x00001ac2      0x174 obj/USBTask.o
 .debug_abbrev  0x00001c36      0x170 obj/AudioClassDevice.o
 .debug_abbrev  0x00001da6      0x320 obj/CDCClassDevice.o
 .debug_abbrev  0x000020c6      0x1b8 obj/HIDClassDevice.o
 .debug_abbrev  0x0000227e      0x20f obj/MassStorageClassDevice.o
 .debug_abbrev  0x0000248d      0x18b obj/MIDIClassDevice.o
 .debug_abbrev  0x00002618      0x262 obj/PrinterClassDevice.o
 .debug_abbrev  0x0000287a      0x2b7 obj/RNDISClassDevice.o
 .debug_abbrev  0x00002b31       0x33 obj/AndroidAccessoryClassHost.o
 .debug_abbrev  0x00002b64       0x33 obj/AudioClassHost.o
 .debug_abbrev  0x00002b97       0x33 obj/CDCClassHost.o
 .debug_abbrev  0x00002bca       0x33 obj/HIDClassHost.o
 .debug_abbrev  0x00002bfd       0x33 obj/MassStorageClassHost.o
 .debug_abbrev  0x00002c30       0x33 obj/MIDIClassHost.o
 .debug_abbrev  0x00002c63       0x33 obj/PrinterClassHost.o
 .debug_abbrev  0x00002c96       0x33 obj/RNDISClassHost.o
 .debug_abbrev  0x00002cc9       0x33 obj/StillImageClassHost.o

.debug_line     0x00000000     0x880a
 *(.debug_line)
 .debug_line    0x00000000      0x3c4 obj/Joystick.o
 .debug_line    0x000003c4      0x1c4 obj/Descriptors.o
 .debug_line    0x00000588      0x678 obj/sdmm.o
 .debug_line    0x00000c00      0x14c obj/os.o
 .debug_line    0x00000d4c      0x50d obj/ruota.o
 .debug_line    0x00001259      0x205 obj/rios.o
 .debug_line    0x0000145e      0x9e2 obj/lcd.o
 .debug_line    0x00001e40      0x506 obj/display_controller.o
 .debug_line    0x00002346      0x59c obj/HIDParser.o
 .debug_line    0x000028e2      0x11b obj/Device_AVR8.o
 .debug_line    0x000029fd     0x17f3 obj/EndpointStream_AVR8.o
 .debug_line    0x000041f0      0x4cd obj/Endpoint_AVR8.o
 .debug_line    0x000046bd       0x3e obj/Host_AVR8.o
 .debug_line    0x000046fb       0x3e obj/PipeStream_AVR8.o
 .debug_line    0x00004739       0x3e obj/Pipe_AVR8.o
 .debug_line    0x00004777      0x379 obj/USBController_AVR8.o
 .debug_line    0x00004af0      0x4ec obj/USBInterrupt_AVR8.o
 .debug_line    0x00004fdc      0x234 obj/ConfigDescriptors.o
 .debug_line    0x00005210      0x564 obj/DeviceStandardReq.o
 .debug_line    0x00005774       0x7a obj/Events.o
 .debug_line    0x000057ee       0x3e obj/HostStandardReq.o
 .debug_line    0x0000582c      0x195 obj/USBTask.o
 .debug_line    0x000059c1      0x496 obj/AudioClassDevice.o
 .debug_line    0x00005e57      0x964 obj/CDCClassDevice.o
 .debug_line    0x000067bb      0x57e obj/HIDClassDevice.o
 .debug_line    0x00006d39      0x58e obj/MassStorageClassDevice.o
 .debug_line    0x000072c7      0x3dd obj/MIDIClassDevice.o
 .debug_line    0x000076a4      0x7f9 obj/PrinterClassDevice.o
 .debug_line    0x00007e9d      0x73f obj/RNDISClassDevice.o
 .debug_line    0x000085dc       0x3e obj/AndroidAccessoryClassHost.o
 .debug_line    0x0000861a       0x3e obj/AudioClassHost.o
 .debug_line    0x00008658       0x3e obj/CDCClassHost.o
 .debug_line    0x00008696       0x3e obj/HIDClassHost.o
 .debug_line    0x000086d4       0x3e obj/MassStorageClassHost.o
 .debug_line    0x00008712       0x3e obj/MIDIClassHost.o
 .debug_line    0x00008750       0x3e obj/PrinterClassHost.o
 .debug_line    0x0000878e       0x3e obj/RNDISClassHost.o
 .debug_line    0x000087cc       0x3e obj/StillImageClassHost.o

.debug_frame    0x00000000      0xca0
 *(.debug_frame)
 .debug_frame   0x00000000       0xc0 obj/Joystick.o
 .debug_frame   0x000000c0       0x20 obj/Descriptors.o
 .debug_frame   0x000000e0       0xf0 obj/sdmm.o
 .debug_frame   0x000001d0       0x50 obj/os.o
 .debug_frame   0x00000220       0xf0 obj/ruota.o
 .debug_frame   0x00000310       0x50 obj/rios.o
 .debug_frame   0x00000360      0x110 obj/lcd.o
 .debug_frame   0x00000470      0x100 obj/display_controller.o
 .debug_frame   0x00000570       0x50 obj/HIDParser.o
 .debug_frame   0x000005c0       0x20 obj/Device_AVR8.o
 .debug_frame   0x000005e0      0x170 obj/EndpointStream_AVR8.o
 .debug_frame   0x00000750       0x60 obj/Endpoint_AVR8.o
 .debug_frame   0x000007b0       0x40 obj/USBController_AVR8.o
 .debug_frame   0x000007f0       0x40 obj/USBInterrupt_AVR8.o
 .debug_frame   0x00000830       0x50 obj/ConfigDescriptors.o
 .debug_frame   0x00000880       0x20 obj/DeviceStandardReq.o
 .debug_frame   0x000008a0       0x20 obj/Events.o
 .debug_frame   0x000008c0       0x20 obj/USBTask.o
 .debug_frame   0x000008e0       0x40 obj/AudioClassDevice.o
 .debug_frame   0x00000920      0x130 obj/CDCClassDevice.o
 .debug_frame   0x00000a50       0x40 obj/HIDClassDevice.o
 .debug_frame   0x00000a90       0x40 obj/MassStorageClassDevice.o
 .debug_frame   0x00000ad0       0x60 obj/MIDIClassDevice.o
 .debug_frame   0x00000b30      0x100 obj/PrinterClassDevice.o
 .debug_frame   0x00000c30       0x70 obj/RNDISClassDevice.o

.debug_str      0x00000000     0x40b8
 *(.debug_str)
 .debug_str     0x00000000      0x51c obj/Joystick.o
                                0x5d4 (size before relaxing)
 .debug_str     0x0000051c      0x500 obj/Descriptors.o
                                0x69c (size before relaxing)
 .debug_str     0x00000a1c      0x102 obj/sdmm.o
                                0x223 (size before relaxing)
 .debug_str     0x00000b1e       0x4d obj/os.o
                                0x200 (size before relaxing)
 .debug_str     0x00000b6b      0x166 obj/ruota.o
                                0x292 (size before relaxing)
 .debug_str     0x00000cd1       0xc1 obj/rios.o
                                0x1c2 (size before relaxing)
 .debug_str     0x00000d92      0x292 obj/lcd.o
                                0x3d0 (size before relaxing)
 .debug_str     0x00001024      0x302 obj/display_controller.o
                                0x48a (size before relaxing)
 .debug_str     0x00001326      0x45c obj/HIDParser.o
                                0x603 (size before relaxing)
 .debug_str     0x00001782       0x71 obj/Device_AVR8.o
                                0x15e (size before relaxing)
 .debug_str     0x000017f3      0x63b obj/EndpointStream_AVR8.o
                                0x78c (size before relaxing)
 .debug_str     0x00001e2e      0x2e8 obj/Endpoint_AVR8.o
                                0x588 (size before relaxing)
 .debug_str     0x00002116       0x27 obj/Host_AVR8.o
                                0x10e (size before relaxing)
 .debug_str     0x0000213d       0x2d obj/PipeStream_AVR8.o
                                0x114 (size before relaxing)
 .debug_str     0x0000216a       0x27 obj/Pipe_AVR8.o
                                0x10e (size before relaxing)
 .debug_str     0x00002191      0x1c5 obj/USBController_AVR8.o
                                0x470 (size before relaxing)
 .debug_str     0x00002356       0xe3 obj/USBInterrupt_AVR8.o
                                0x3e2 (size before relaxing)
 .debug_str     0x00002439      0x217 obj/ConfigDescriptors.o
                                0x32c (size before relaxing)
 .debug_str     0x00002650      0x3fc obj/DeviceStandardReq.o
                                0x85c (size before relaxing)
 .debug_str     0x00002a4c       0x2e obj/Events.o
                                0x115 (size before relaxing)
 .debug_str     0x00002a7a       0x28 obj/HostStandardReq.o
                                0x10f (size before relaxing)
 .debug_str     0x00002aa2       0x64 obj/USBTask.o
                                0x2cc (size before relaxing)
 .debug_str     0x00002b06      0x269 obj/AudioClassDevice.o
                                0x54c (size before relaxing)
 .debug_str     0x00002d6f      0x3bc obj/CDCClassDevice.o
                                0x92e (size before relaxing)
 .debug_str     0x0000312b      0x145 obj/HIDClassDevice.o
                                0x57b (size before relaxing)
 .debug_str     0x00003270      0x237 obj/MassStorageClassDevice.o
                                0x6dc (size before relaxing)
 .debug_str     0x000034a7      0x112 obj/MIDIClassDevice.o
                                0x57a (size before relaxing)
 .debug_str     0x000035b9      0x266 obj/PrinterClassDevice.o
                                0x814 (size before relaxing)
 .debug_str     0x0000381f      0x6f1 obj/RNDISClassDevice.o
                                0xc23 (size before relaxing)
 .debug_str     0x00003f10       0x38 obj/AndroidAccessoryClassHost.o
                                0x11f (size before relaxing)
 .debug_str     0x00003f48       0x2d obj/AudioClassHost.o
                                0x114 (size before relaxing)
 .debug_str     0x00003f75       0x2b obj/CDCClassHost.o
                                0x112 (size before relaxing)
 .debug_str     0x00003fa0       0x2b obj/HIDClassHost.o
                                0x112 (size before relaxing)
 .debug_str     0x00003fcb       0x33 obj/MassStorageClassHost.o
                                0x11a (size before relaxing)
 .debug_str     0x00003ffe       0x2c obj/MIDIClassHost.o
                                0x113 (size before relaxing)
 .debug_str     0x0000402a       0x2f obj/PrinterClassHost.o
                                0x116 (size before relaxing)
 .debug_str     0x00004059       0x2d obj/RNDISClassHost.o
                                0x114 (size before relaxing)
 .debug_str     0x00004086       0x32 obj/StillImageClassHost.o
                                0x119 (size before relaxing)

.debug_loc      0x00000000     0x526e
 *(.debug_loc)
 .debug_loc     0x00000000      0x181 obj/Joystick.o
 .debug_loc     0x00000181      0x1a0 obj/Descriptors.o
 .debug_loc     0x00000321      0x577 obj/sdmm.o
 .debug_loc     0x00000898       0x2b obj/os.o
 .debug_loc     0x000008c3      0x188 obj/ruota.o
 .debug_loc     0x00000a4b       0xbf obj/rios.o
 .debug_loc     0x00000b0a      0xaf5 obj/lcd.o
 .debug_loc     0x000015ff      0x5b4 obj/display_controller.o
 .debug_loc     0x00001bb3      0x560 obj/HIDParser.o
 .debug_loc     0x00002113     0x182a obj/EndpointStream_AVR8.o
 .debug_loc     0x0000393d      0x11c obj/Endpoint_AVR8.o
 .debug_loc     0x00003a59      0x2c7 obj/ConfigDescriptors.o
 .debug_loc     0x00003d20      0x23c obj/DeviceStandardReq.o
 .debug_loc     0x00003f5c      0x25d obj/AudioClassDevice.o
 .debug_loc     0x000041b9      0x524 obj/CDCClassDevice.o
 .debug_loc     0x000046dd      0x141 obj/HIDClassDevice.o
 .debug_loc     0x0000481e       0x96 obj/MassStorageClassDevice.o
 .debug_loc     0x000048b4      0x19a obj/MIDIClassDevice.o
 .debug_loc     0x00004a4e      0x3bc obj/PrinterClassDevice.o
 .debug_loc     0x00004e0a      0x464 obj/RNDISClassDevice.o

.debug_macinfo
 *(.debug_macinfo)
OUTPUT(Joystick.elf elf32-avr)
LOAD linker stubs

.debug_ranges   0x00000000      0x8e0
 .debug_ranges  0x00000000       0x68 obj/Joystick.o
 .debug_ranges  0x00000068       0x18 obj/Descriptors.o
 .debug_ranges  0x00000080       0x80 obj/sdmm.o
 .debug_ranges  0x00000100       0x30 obj/os.o
 .debug_ranges  0x00000130       0x80 obj/ruota.o
 .debug_ranges  0x000001b0       0x30 obj/rios.o
 .debug_ranges  0x000001e0       0xd8 obj/lcd.o
 .debug_ranges  0x000002b8       0x88 obj/display_controller.o
 .debug_ranges  0x00000340       0xa0 obj/HIDParser.o
 .debug_ranges  0x000003e0       0x18 obj/Device_AVR8.o
 .debug_ranges  0x000003f8       0xc0 obj/EndpointStream_AVR8.o
 .debug_ranges  0x000004b8       0x50 obj/Endpoint_AVR8.o
 .debug_ranges  0x00000508       0x28 obj/USBController_AVR8.o
 .debug_ranges  0x00000530       0x28 obj/USBInterrupt_AVR8.o
 .debug_ranges  0x00000558       0x30 obj/ConfigDescriptors.o
 .debug_ranges  0x00000588       0x78 obj/DeviceStandardReq.o
 .debug_ranges  0x00000600       0x18 obj/Events.o
 .debug_ranges  0x00000618       0x18 obj/USBTask.o
 .debug_ranges  0x00000630       0x28 obj/AudioClassDevice.o
 .debug_ranges  0x00000658       0xa0 obj/CDCClassDevice.o
 .debug_ranges  0x000006f8       0x28 obj/HIDClassDevice.o
 .debug_ranges  0x00000720       0x78 obj/MassStorageClassDevice.o
 .debug_ranges  0x00000798       0x38 obj/MIDIClassDevice.o
 .debug_ranges  0x000007d0       0x88 obj/PrinterClassDevice.o
 .debug_ranges  0x00000858       0x88 obj/RNDISClassDevice.o

Cross Reference Table

Symbol                                            File
Audio_Device_ConfigureEndpoints                   obj/AudioClassDevice.o
Audio_Device_Event_Stub                           obj/AudioClassDevice.o
Audio_Device_ProcessControlRequest                obj/AudioClassDevice.o
CALLBACK_Audio_Device_GetSetEndpointProperty      obj/AudioClassDevice.o
CALLBACK_Audio_Device_GetSetInterfaceProperty     obj/AudioClassDevice.o
CALLBACK_HIDParser_FilterHIDReportItem            obj/HIDParser.o
CALLBACK_HID_Device_CreateHIDReport               obj/Joystick.o
                                                  obj/HIDClassDevice.o
CALLBACK_HID_Device_ProcessHIDReport              obj/Joystick.o
                                                  obj/HIDClassDevice.o
CALLBACK_MS_Device_SCSICommandReceived            obj/MassStorageClassDevice.o
CALLBACK_USB_GetDescriptor                        obj/Descriptors.o
                                                  obj/DeviceStandardReq.o
CDC_Device_BytesReceived                          obj/CDCClassDevice.o
CDC_Device_ConfigureEndpoints                     obj/CDCClassDevice.o
CDC_Device_CreateBlockingStream                   obj/CDCClassDevice.o
CDC_Device_CreateStream                           obj/CDCClassDevice.o
CDC_Device_Event_Stub                             obj/CDCClassDevice.o
CDC_Device_Flush                                  obj/CDCClassDevice.o
CDC_Device_ProcessControlRequest                  obj/CDCClassDevice.o
CDC_Device_ReceiveByte                            obj/CDCClassDevice.o
CDC_Device_SendByte                               obj/CDCClassDevice.o
CDC_Device_SendControlLineStateChange             obj/CDCClassDevice.o
CDC_Device_SendData                               obj/CDCClassDevice.o
CDC_Device_SendData_P                             obj/CDCClassDevice.o
CDC_Device_SendString                             obj/CDCClassDevice.o
CDC_Device_SendString_P                           obj/CDCClassDevice.o
CDC_Device_USBTask                                obj/CDCClassDevice.o
ConfigurationDescriptor                           obj/Descriptors.o
DeviceDescriptor                                  obj/Descriptors.o
EVENT_Audio_Device_StreamStartStop                obj/AudioClassDevice.o
EVENT_CDC_Device_BreakSent                        obj/CDCClassDevice.o
EVENT_CDC_Device_ControLineStateChanged           obj/CDCClassDevice.o
EVENT_CDC_Device_LineEncodingChanged              obj/CDCClassDevice.o
EVENT_PRNT_Device_SoftReset                       obj/PrinterClassDevice.o
EVENT_USB_Device_ConfigurationChanged             obj/Joystick.o
                                                  obj/DeviceStandardReq.o
EVENT_USB_Device_Connect                          obj/Joystick.o
                                                  obj/USBInterrupt_AVR8.o
EVENT_USB_Device_ControlRequest                   obj/Joystick.o
                                                  obj/DeviceStandardReq.o
EVENT_USB_Device_Disconnect                       obj/Joystick.o
                                                  obj/USBInterrupt_AVR8.o
EVENT_USB_Device_Reset                            obj/Events.o
                                                  obj/USBInterrupt_AVR8.o
EVENT_USB_Device_StartOfFrame                     obj/Joystick.o
                                                  obj/USBInterrupt_AVR8.o
EVENT_USB_Device_Suspend                          obj/Events.o
                                                  obj/USBInterrupt_AVR8.o
EVENT_USB_Device_WakeUp                           obj/Events.o
                                                  obj/USBInterrupt_AVR8.o
Endpoint_ClearEndpoints                           obj/Endpoint_AVR8.o
Endpoint_ClearStatusStage                         obj/Endpoint_AVR8.o
                                                  obj/PrinterClassDevice.o
                                                  obj/MassStorageClassDevice.o
                                                  obj/HIDClassDevice.o
                                                  obj/CDCClassDevice.o
                                                  obj/AudioClassDevice.o
                                                  obj/DeviceStandardReq.o
Endpoint_ConfigureEndpointTable                   obj/Endpoint_AVR8.o
                                                  obj/RNDISClassDevice.o
                                                  obj/PrinterClassDevice.o
                                                  obj/MIDIClassDevice.o
                                                  obj/MassStorageClassDevice.o
                                                  obj/HIDClassDevice.o
                                                  obj/CDCClassDevice.o
                                                  obj/AudioClassDevice.o
Endpoint_ConfigureEndpoint_Prv                    obj/Endpoint_AVR8.o
                                                  obj/USBInterrupt_AVR8.o
                                                  obj/USBController_AVR8.o
Endpoint_Discard_Stream                           obj/EndpointStream_AVR8.o
Endpoint_Null_Stream                              obj/EndpointStream_AVR8.o
Endpoint_Read_Control_EStream_BE                  obj/EndpointStream_AVR8.o
Endpoint_Read_Control_EStream_LE                  obj/EndpointStream_AVR8.o
Endpoint_Read_Control_Stream_BE                   obj/EndpointStream_AVR8.o
Endpoint_Read_Control_Stream_LE                   obj/EndpointStream_AVR8.o
                                                  obj/RNDISClassDevice.o
                                                  obj/HIDClassDevice.o
                                                  obj/AudioClassDevice.o
Endpoint_Read_EStream_BE                          obj/EndpointStream_AVR8.o
Endpoint_Read_EStream_LE                          obj/EndpointStream_AVR8.o
Endpoint_Read_Stream_BE                           obj/EndpointStream_AVR8.o
Endpoint_Read_Stream_LE                           obj/EndpointStream_AVR8.o
                                                  obj/RNDISClassDevice.o
                                                  obj/MIDIClassDevice.o
                                                  obj/MassStorageClassDevice.o
Endpoint_WaitUntilReady                           obj/Endpoint_AVR8.o
                                                  obj/RNDISClassDevice.o
                                                  obj/PrinterClassDevice.o
                                                  obj/MIDIClassDevice.o
                                                  obj/CDCClassDevice.o
                                                  obj/EndpointStream_AVR8.o
Endpoint_Write_Control_EStream_BE                 obj/EndpointStream_AVR8.o
Endpoint_Write_Control_EStream_LE                 obj/EndpointStream_AVR8.o
Endpoint_Write_Control_PStream_BE                 obj/EndpointStream_AVR8.o
Endpoint_Write_Control_PStream_LE                 obj/EndpointStream_AVR8.o
                                                  obj/DeviceStandardReq.o
Endpoint_Write_Control_Stream_BE                  obj/EndpointStream_AVR8.o
Endpoint_Write_Control_Stream_LE                  obj/EndpointStream_AVR8.o
                                                  obj/RNDISClassDevice.o
                                                  obj/PrinterClassDevice.o
                                                  obj/HIDClassDevice.o
                                                  obj/AudioClassDevice.o
                                                  obj/DeviceStandardReq.o
Endpoint_Write_EStream_BE                         obj/EndpointStream_AVR8.o
Endpoint_Write_EStream_LE                         obj/EndpointStream_AVR8.o
Endpoint_Write_PStream_BE                         obj/EndpointStream_AVR8.o
Endpoint_Write_PStream_LE                         obj/EndpointStream_AVR8.o
                                                  obj/CDCClassDevice.o
Endpoint_Write_Stream_BE                          obj/EndpointStream_AVR8.o
Endpoint_Write_Stream_LE                          obj/EndpointStream_AVR8.o
                                                  obj/RNDISClassDevice.o
                                                  obj/PrinterClassDevice.o
                                                  obj/MIDIClassDevice.o
                                                  obj/MassStorageClassDevice.o
                                                  obj/HIDClassDevice.o
                                                  obj/CDCClassDevice.o
FatFs                                             obj/os.o
                                                  obj/Joystick.o
HID_Device_ConfigureEndpoints                     obj/HIDClassDevice.o
                                                  obj/Joystick.o
HID_Device_ProcessControlRequest                  obj/HIDClassDevice.o
                                                  obj/Joystick.o
HID_Device_USBTask                                obj/HIDClassDevice.o
                                                  obj/Joystick.o
JoystickReport                                    obj/Descriptors.o
Joystick_HID_Interface                            obj/Joystick.o
LanguageString                                    obj/Descriptors.o
MIDI_Device_ConfigureEndpoints                    obj/MIDIClassDevice.o
MIDI_Device_Flush                                 obj/MIDIClassDevice.o
MIDI_Device_ReceiveEventPacket                    obj/MIDIClassDevice.o
MIDI_Device_SendEventPacket                       obj/MIDIClassDevice.o
MIDI_Device_USBTask                               obj/MIDIClassDevice.o
MS_Device_ConfigureEndpoints                      obj/MassStorageClassDevice.o
MS_Device_ProcessControlRequest                   obj/MassStorageClassDevice.o
MS_Device_USBTask                                 obj/MassStorageClassDevice.o
ManufacturerString                                obj/Descriptors.o
PRNT_Device_BytesReceived                         obj/PrinterClassDevice.o
PRNT_Device_ConfigureEndpoints                    obj/PrinterClassDevice.o
PRNT_Device_CreateBlockingStream                  obj/PrinterClassDevice.o
PRNT_Device_CreateStream                          obj/PrinterClassDevice.o
PRNT_Device_Event_Stub                            obj/PrinterClassDevice.o
PRNT_Device_Flush                                 obj/PrinterClassDevice.o
PRNT_Device_ProcessControlRequest                 obj/PrinterClassDevice.o
PRNT_Device_ReceiveByte                           obj/PrinterClassDevice.o
PRNT_Device_SendByte                              obj/PrinterClassDevice.o
PRNT_Device_SendData                              obj/PrinterClassDevice.o
PRNT_Device_SendString                            obj/PrinterClassDevice.o
PRNT_Device_USBTask                               obj/PrinterClassDevice.o
ProductString                                     obj/Descriptors.o
RNDIS_Device_ConfigureEndpoints                   obj/RNDISClassDevice.o
RNDIS_Device_IsPacketReceived                     obj/RNDISClassDevice.o
RNDIS_Device_ProcessControlRequest                obj/RNDISClassDevice.o
RNDIS_Device_ReadPacket                           obj/RNDISClassDevice.o
RNDIS_Device_SendPacket                           obj/RNDISClassDevice.o
RNDIS_Device_USBTask                              obj/RNDISClassDevice.o
SetupUSB                                          obj/Joystick.o
USB_ControlRequest                                obj/RNDISClassDevice.o
                                                  obj/PrinterClassDevice.o
                                                  obj/MassStorageClassDevice.o
                                                  obj/HIDClassDevice.o
                                                  obj/CDCClassDevice.o
                                                  obj/AudioClassDevice.o
                                                  obj/USBTask.o
                                                  obj/DeviceStandardReq.o
                                                  obj/Endpoint_AVR8.o
                                                  obj/EndpointStream_AVR8.o
USB_DeviceState                                   obj/RNDISClassDevice.o
                                                  obj/PrinterClassDevice.o
                                                  obj/MIDIClassDevice.o
                                                  obj/MassStorageClassDevice.o
                                                  obj/HIDClassDevice.o
                                                  obj/CDCClassDevice.o
                                                  obj/USBTask.o
                                                  obj/DeviceStandardReq.o
                                                  obj/USBInterrupt_AVR8.o
                                                  obj/USBController_AVR8.o
                                                  obj/Endpoint_AVR8.o
                                                  obj/EndpointStream_AVR8.o
USB_Device_ConfigurationNumber                    obj/DeviceStandardReq.o
                                                  obj/USBInterrupt_AVR8.o
                                                  obj/USBController_AVR8.o
USB_Device_CurrentlySelfPowered                   obj/DeviceStandardReq.o
                                                  obj/USBController_AVR8.o
USB_Device_ProcessControlRequest                  obj/DeviceStandardReq.o
                                                  obj/USBTask.o
USB_Device_RemoteWakeupEnabled                    obj/DeviceStandardReq.o
                                                  obj/USBController_AVR8.o
USB_Device_SendRemoteWakeup                       obj/Device_AVR8.o
USB_Disable                                       obj/USBController_AVR8.o
USB_Event_Stub                                    obj/Events.o
USB_GetHIDReportItemInfo                          obj/HIDParser.o
USB_GetHIDReportSize                              obj/HIDParser.o
USB_GetNextDescriptorComp                         obj/ConfigDescriptors.o
USB_GetNextDescriptorOfType                       obj/ConfigDescriptors.o
USB_GetNextDescriptorOfTypeAfter                  obj/ConfigDescriptors.o
USB_GetNextDescriptorOfTypeBefore                 obj/ConfigDescriptors.o
USB_INT_ClearAllInterrupts                        obj/USBInterrupt_AVR8.o
                                                  obj/USBController_AVR8.o
USB_INT_DisableAllInterrupts                      obj/USBInterrupt_AVR8.o
                                                  obj/USBController_AVR8.o
USB_Init                                          obj/USBController_AVR8.o
                                                  obj/Joystick.o
USB_IsInitialized                                 obj/USBTask.o
                                                  obj/USBController_AVR8.o
USB_ProcessHIDReport                              obj/HIDParser.o
USB_ResetInterface                                obj/USBController_AVR8.o
USB_SetHIDReportItemInfo                          obj/HIDParser.o
USB_USBTask                                       obj/USBTask.o
                                                  obj/PrinterClassDevice.o
                                                  obj/MassStorageClassDevice.o
                                                  obj/CDCClassDevice.o
                                                  obj/EndpointStream_AVR8.o
                                                  obj/Joystick.o
Unispace29x58                                     obj/lcd.o
Unispace7x14                                      obj/lcd.o
__addsf3                                          c:/winavr-20100110/bin/../lib/gcc/avr/4.3.3/../../../../avr/lib/avr51\libm.a(addsf3.o)
                                                  obj/rios.o
__addsf3x                                         c:/winavr-20100110/bin/../lib/gcc/avr/4.3.3/../../../../avr/lib/avr51\libm.a(addsf3x.o)
                                                  c:/winavr-20100110/bin/../lib/gcc/avr/4.3.3/../../../../avr/lib/avr51\libm.a(addsf3.o)
__bad_interrupt                                   c:/winavr-20100110/bin/../lib/gcc/avr/4.3.3/../../../../avr/lib/avr51/crtusb1286.o
__brkval                                          c:/winavr-20100110/bin/../lib/gcc/avr/4.3.3/../../../../avr/lib/avr51\libc.a(malloc.o)
__bss_end                                         c:/winavr-20100110/bin/../lib/gcc/avr/4.3.3/avr51\libgcc.a(_clear_bss.o)
__bss_start                                       c:/winavr-20100110/bin/../lib/gcc/avr/4.3.3/avr51\libgcc.a(_clear_bss.o)
__data_end                                        c:/winavr-20100110/bin/../lib/gcc/avr/4.3.3/../../../../avr/lib/avr51/crtusb1286.o
__data_load_start                                 c:/winavr-20100110/bin/../lib/gcc/avr/4.3.3/../../../../avr/lib/avr51/crtusb1286.o
__data_start                                      c:/winavr-20100110/bin/../lib/gcc/avr/4.3.3/../../../../avr/lib/avr51/crtusb1286.o
__divsf3                                          c:/winavr-20100110/bin/../lib/gcc/avr/4.3.3/../../../../avr/lib/avr51\libm.a(divsf3.o)
                                                  obj/display_controller.o
                                                  obj/lcd.o
__divsf3_pse                                      c:/winavr-20100110/bin/../lib/gcc/avr/4.3.3/../../../../avr/lib/avr51\libm.a(divsf3x.o)
__divsf3x                                         c:/winavr-20100110/bin/../lib/gcc/avr/4.3.3/../../../../avr/lib/avr51\libm.a(divsf3x.o)
                                                  c:/winavr-20100110/bin/../lib/gcc/avr/4.3.3/../../../../avr/lib/avr51\libm.a(divsf3.o)
__do_clear_bss                                    c:/winavr-20100110/bin/../lib/gcc/avr/4.3.3/avr51\libgcc.a(_clear_bss.o)
                                                  c:/winavr-20100110/bin/../lib/gcc/avr/4.3.3/../../../../avr/lib/avr51\libc.a(malloc.o)
                                                  obj/USBTask.o
                                                  obj/DeviceStandardReq.o
                                                  obj/display_controller.o
                                                  obj/lcd.o
                                                  obj/rios.o
                                                  obj/ruota.o
                                                  obj/os.o
                                                  obj/sdmm.o
                                                  obj/Joystick.o
__do_copy_data                                    c:/winavr-20100110/bin/../lib/gcc/avr/4.3.3/../../../../avr/lib/avr51/crtusb1286.o
                                                  c:/winavr-20100110/bin/../lib/gcc/avr/4.3.3/../../../../avr/lib/avr51\libc.a(malloc.o)
                                                  obj/RNDISClassDevice.o
                                                  obj/CDCClassDevice.o
                                                  obj/display_controller.o
                                                  obj/rios.o
                                                  obj/ruota.o
                                                  obj/sdmm.o
                                                  obj/Joystick.o
__eerd_byte_usb1286                               c:/winavr-20100110/bin/../lib/gcc/avr/4.3.3/../../../../avr/lib/avr51\libc.a(eerd_byte_at90usb1286.o)
                                                  obj/EndpointStream_AVR8.o
__eeupd_byte_usb1286                              c:/winavr-20100110/bin/../lib/gcc/avr/4.3.3/../../../../avr/lib/avr51\libc.a(eeupd_byte_at90usb1286.o)
                                                  obj/EndpointStream_AVR8.o
__eeupd_r18_usb1286                               c:/winavr-20100110/bin/../lib/gcc/avr/4.3.3/../../../../avr/lib/avr51\libc.a(eeupd_byte_at90usb1286.o)
__fixunssfsi                                      c:/winavr-20100110/bin/../lib/gcc/avr/4.3.3/../../../../avr/lib/avr51\libm.a(fixunssfsi.o)
                                                  obj/lcd.o
                                                  obj/rios.o
__floatsisf                                       c:/winavr-20100110/bin/../lib/gcc/avr/4.3.3/../../../../avr/lib/avr51\libm.a(floatsisf.o)
                                                  obj/display_controller.o
                                                  obj/lcd.o
__floatunsisf                                     c:/winavr-20100110/bin/../lib/gcc/avr/4.3.3/../../../../avr/lib/avr51\libm.a(floatsisf.o)
                                                  obj/rios.o
__flp                                             c:/winavr-20100110/bin/../lib/gcc/avr/4.3.3/../../../../avr/lib/avr51\libc.a(malloc.o)
__fp_inf                                          c:/winavr-20100110/bin/../lib/gcc/avr/4.3.3/../../../../avr/lib/avr51\libm.a(fp_inf.o)
                                                  c:/winavr-20100110/bin/../lib/gcc/avr/4.3.3/../../../../avr/lib/avr51\libm.a(mulsf3x.o)
                                                  c:/winavr-20100110/bin/../lib/gcc/avr/4.3.3/../../../../avr/lib/avr51\libm.a(divsf3x.o)
                                                  c:/winavr-20100110/bin/../lib/gcc/avr/4.3.3/../../../../avr/lib/avr51\libm.a(addsf3x.o)
__fp_nan                                          c:/winavr-20100110/bin/../lib/gcc/avr/4.3.3/../../../../avr/lib/avr51\libm.a(fp_nan.o)
                                                  c:/winavr-20100110/bin/../lib/gcc/avr/4.3.3/../../../../avr/lib/avr51\libm.a(mulsf3x.o)
                                                  c:/winavr-20100110/bin/../lib/gcc/avr/4.3.3/../../../../avr/lib/avr51\libm.a(divsf3x.o)
                                                  c:/winavr-20100110/bin/../lib/gcc/avr/4.3.3/../../../../avr/lib/avr51\libm.a(addsf3x.o)
__fp_pscA                                         c:/winavr-20100110/bin/../lib/gcc/avr/4.3.3/../../../../avr/lib/avr51\libm.a(fp_pscA.o)
                                                  c:/winavr-20100110/bin/../lib/gcc/avr/4.3.3/../../../../avr/lib/avr51\libm.a(mulsf3x.o)
                                                  c:/winavr-20100110/bin/../lib/gcc/avr/4.3.3/../../../../avr/lib/avr51\libm.a(divsf3x.o)
                                                  c:/winavr-20100110/bin/../lib/gcc/avr/4.3.3/../../../../avr/lib/avr51\libm.a(addsf3x.o)
__fp_pscB                                         c:/winavr-20100110/bin/../lib/gcc/avr/4.3.3/../../../../avr/lib/avr51\libm.a(fp_pscB.o)
                                                  c:/winavr-20100110/bin/../lib/gcc/avr/4.3.3/../../../../avr/lib/avr51\libm.a(mulsf3x.o)
                                                  c:/winavr-20100110/bin/../lib/gcc/avr/4.3.3/../../../../avr/lib/avr51\libm.a(divsf3x.o)
                                                  c:/winavr-20100110/bin/../lib/gcc/avr/4.3.3/../../../../avr/lib/avr51\libm.a(addsf3x.o)
__fp_round                                        c:/winavr-20100110/bin/../lib/gcc/avr/4.3.3/../../../../avr/lib/avr51\libm.a(fp_round.o)
                                                  c:/winavr-20100110/bin/../lib/gcc/avr/4.3.3/../../../../avr/lib/avr51\libm.a(mulsf3.o)
                                                  c:/winavr-20100110/bin/../lib/gcc/avr/4.3.3/../../../../avr/lib/avr51\libm.a(divsf3.o)
                                                  c:/winavr-20100110/bin/../lib/gcc/avr/4.3.3/../../../../avr/lib/avr51\libm.a(addsf3.o)
__fp_split3                                       c:/winavr-20100110/bin/../lib/gcc/avr/4.3.3/../../../../avr/lib/avr51\libm.a(fp_split3.o)
                                                  c:/winavr-20100110/bin/../lib/gcc/avr/4.3.3/../../../../avr/lib/avr51\libm.a(mulsf3x.o)
                                                  c:/winavr-20100110/bin/../lib/gcc/avr/4.3.3/../../../../avr/lib/avr51\libm.a(divsf3x.o)
                                                  c:/winavr-20100110/bin/../lib/gcc/avr/4.3.3/../../../../avr/lib/avr51\libm.a(addsf3x.o)
__fp_splitA                                       c:/winavr-20100110/bin/../lib/gcc/avr/4.3.3/../../../../avr/lib/avr51\libm.a(fp_split3.o)
                                                  c:/winavr-20100110/bin/../lib/gcc/avr/4.3.3/../../../../avr/lib/avr51\libm.a(fixunssfsi.o)
__fp_szero                                        c:/winavr-20100110/bin/../lib/gcc/avr/4.3.3/../../../../avr/lib/avr51\libm.a(fp_zero.o)
                                                  c:/winavr-20100110/bin/../lib/gcc/avr/4.3.3/../../../../avr/lib/avr51\libm.a(mulsf3x.o)
                                                  c:/winavr-20100110/bin/../lib/gcc/avr/4.3.3/../../../../avr/lib/avr51\libm.a(divsf3x.o)
__fp_zero                                         c:/winavr-20100110/bin/../lib/gcc/avr/4.3.3/../../../../avr/lib/avr51\libm.a(fp_zero.o)
                                                  c:/winavr-20100110/bin/../lib/gcc/avr/4.3.3/../../../../avr/lib/avr51\libm.a(fixunssfsi.o)
                                                  c:/winavr-20100110/bin/../lib/gcc/avr/4.3.3/../../../../avr/lib/avr51\libm.a(addsf3x.o)
__ftoa_engine                                     c:/winavr-20100110/bin/../lib/gcc/avr/4.3.3/../../../../avr/lib/avr51\libc.a(ftoa_engine.o)
                                                  c:/winavr-20100110/bin/../lib/gcc/avr/4.3.3/../../../../avr/lib/avr51\libc.a(dtoa_prf.o)
__heap_end                                        c:/winavr-20100110/bin/../lib/gcc/avr/4.3.3/../../../../avr/lib/avr51/crtusb1286.o
                                                  c:/winavr-20100110/bin/../lib/gcc/avr/4.3.3/../../../../avr/lib/avr51\libc.a(malloc.o)
__heap_start                                      c:/winavr-20100110/bin/../lib/gcc/avr/4.3.3/../../../../avr/lib/avr51\libc.a(malloc.o)
__init                                            c:/winavr-20100110/bin/../lib/gcc/avr/4.3.3/../../../../avr/lib/avr51/crtusb1286.o
__malloc_heap_end                                 c:/winavr-20100110/bin/../lib/gcc/avr/4.3.3/../../../../avr/lib/avr51\libc.a(malloc.o)
__malloc_heap_start                               c:/winavr-20100110/bin/../lib/gcc/avr/4.3.3/../../../../avr/lib/avr51\libc.a(malloc.o)
__malloc_margin                                   c:/winavr-20100110/bin/../lib/gcc/avr/4.3.3/../../../../avr/lib/avr51\libc.a(malloc.o)
__mulsf3                                          c:/winavr-20100110/bin/../lib/gcc/avr/4.3.3/../../../../avr/lib/avr51\libm.a(mulsf3.o)
                                                  obj/rios.o
__mulsf3_pse                                      c:/winavr-20100110/bin/../lib/gcc/avr/4.3.3/../../../../avr/lib/avr51\libm.a(mulsf3x.o)
__mulsf3x                                         c:/winavr-20100110/bin/../lib/gcc/avr/4.3.3/../../../../avr/lib/avr51\libm.a(mulsf3x.o)
                                                  c:/winavr-20100110/bin/../lib/gcc/avr/4.3.3/../../../../avr/lib/avr51\libm.a(mulsf3.o)
__mulsi3                                          c:/winavr-20100110/bin/../lib/gcc/avr/4.3.3/avr51\libgcc.a(_mulsi3.o)
                                                  obj/display_controller.o
__stack                                           c:/winavr-20100110/bin/../lib/gcc/avr/4.3.3/../../../../avr/lib/avr51/crtusb1286.o
__subsf3                                          c:/winavr-20100110/bin/../lib/gcc/avr/4.3.3/../../../../avr/lib/avr51\libm.a(addsf3.o)
__udivmodsi4                                      c:/winavr-20100110/bin/../lib/gcc/avr/4.3.3/avr51\libgcc.a(_udivmodsi4.o)
                                                  obj/display_controller.o
__ultoa_invert                                    c:/winavr-20100110/bin/../lib/gcc/avr/4.3.3/../../../../avr/lib/avr51\libc.a(ultoa_invert.o)
                                                  c:/winavr-20100110/bin/../lib/gcc/avr/4.3.3/../../../../avr/lib/avr51\libc.a(vfprintf_std.o)
__vector_1                                        c:/winavr-20100110/bin/../lib/gcc/avr/4.3.3/../../../../avr/lib/avr51/crtusb1286.o
__vector_10                                       obj/USBInterrupt_AVR8.o
                                                  c:/winavr-20100110/bin/../lib/gcc/avr/4.3.3/../../../../avr/lib/avr51/crtusb1286.o
__vector_11                                       c:/winavr-20100110/bin/../lib/gcc/avr/4.3.3/../../../../avr/lib/avr51/crtusb1286.o
__vector_12                                       c:/winavr-20100110/bin/../lib/gcc/avr/4.3.3/../../../../avr/lib/avr51/crtusb1286.o
__vector_13                                       c:/winavr-20100110/bin/../lib/gcc/avr/4.3.3/../../../../avr/lib/avr51/crtusb1286.o
__vector_14                                       c:/winavr-20100110/bin/../lib/gcc/avr/4.3.3/../../../../avr/lib/avr51/crtusb1286.o
__vector_15                                       c:/winavr-20100110/bin/../lib/gcc/avr/4.3.3/../../../../avr/lib/avr51/crtusb1286.o
__vector_16                                       c:/winavr-20100110/bin/../lib/gcc/avr/4.3.3/../../../../avr/lib/avr51/crtusb1286.o
__vector_17                                       c:/winavr-20100110/bin/../lib/gcc/avr/4.3.3/../../../../avr/lib/avr51/crtusb1286.o
__vector_18                                       c:/winavr-20100110/bin/../lib/gcc/avr/4.3.3/../../../../avr/lib/avr51/crtusb1286.o
__vector_19                                       c:/winavr-20100110/bin/../lib/gcc/avr/4.3.3/../../../../avr/lib/avr51/crtusb1286.o
__vector_2                                        c:/winavr-20100110/bin/../lib/gcc/avr/4.3.3/../../../../avr/lib/avr51/crtusb1286.o
__vector_20                                       c:/winavr-20100110/bin/../lib/gcc/avr/4.3.3/../../../../avr/lib/avr51/crtusb1286.o
__vector_21                                       c:/winavr-20100110/bin/../lib/gcc/avr/4.3.3/../../../../avr/lib/avr51/crtusb1286.o
__vector_22                                       c:/winavr-20100110/bin/../lib/gcc/avr/4.3.3/../../../../avr/lib/avr51/crtusb1286.o
__vector_23                                       obj/rios.o
                                                  c:/winavr-20100110/bin/../lib/gcc/avr/4.3.3/../../../../avr/lib/avr51/crtusb1286.o
__vector_24                                       c:/winavr-20100110/bin/../lib/gcc/avr/4.3.3/../../../../avr/lib/avr51/crtusb1286.o
__vector_25                                       c:/winavr-20100110/bin/../lib/gcc/avr/4.3.3/../../../../avr/lib/avr51/crtusb1286.o
__vector_26                                       c:/winavr-20100110/bin/../lib/gcc/avr/4.3.3/../../../../avr/lib/avr51/crtusb1286.o
__vector_27                                       c:/winavr-20100110/bin/../lib/gcc/avr/4.3.3/../../../../avr/lib/avr51/crtusb1286.o
__vector_28                                       c:/winavr-20100110/bin/../lib/gcc/avr/4.3.3/../../../../avr/lib/avr51/crtusb1286.o
__vector_29                                       c:/winavr-20100110/bin/../lib/gcc/avr/4.3.3/../../../../avr/lib/avr51/crtusb1286.o
__vector_3                                        c:/winavr-20100110/bin/../lib/gcc/avr/4.3.3/../../../../avr/lib/avr51/crtusb1286.o
__vector_30                                       c:/winavr-20100110/bin/../lib/gcc/avr/4.3.3/../../../../avr/lib/avr51/crtusb1286.o
__vector_31                                       c:/winavr-20100110/bin/../lib/gcc/avr/4.3.3/../../../../avr/lib/avr51/crtusb1286.o
__vector_32                                       c:/winavr-20100110/bin/../lib/gcc/avr/4.3.3/../../../../avr/lib/avr51/crtusb1286.o
__vector_33                                       c:/winavr-20100110/bin/../lib/gcc/avr/4.3.3/../../../../avr/lib/avr51/crtusb1286.o
__vector_34                                       c:/winavr-20100110/bin/../lib/gcc/avr/4.3.3/../../../../avr/lib/avr51/crtusb1286.o
__vector_35                                       c:/winavr-20100110/bin/../lib/gcc/avr/4.3.3/../../../../avr/lib/avr51/crtusb1286.o
__vector_36                                       c:/winavr-20100110/bin/../lib/gcc/avr/4.3.3/../../../../avr/lib/avr51/crtusb1286.o
__vector_37                                       c:/winavr-20100110/bin/../lib/gcc/avr/4.3.3/../../../../avr/lib/avr51/crtusb1286.o
__vector_4                                        c:/winavr-20100110/bin/../lib/gcc/avr/4.3.3/../../../../avr/lib/avr51/crtusb1286.o
__vector_5                                        c:/winavr-20100110/bin/../lib/gcc/avr/4.3.3/../../../../avr/lib/avr51/crtusb1286.o
__vector_6                                        c:/winavr-20100110/bin/../lib/gcc/avr/4.3.3/../../../../avr/lib/avr51/crtusb1286.o
__vector_7                                        c:/winavr-20100110/bin/../lib/gcc/avr/4.3.3/../../../../avr/lib/avr51/crtusb1286.o
__vector_8                                        c:/winavr-20100110/bin/../lib/gcc/avr/4.3.3/../../../../avr/lib/avr51/crtusb1286.o
__vector_9                                        c:/winavr-20100110/bin/../lib/gcc/avr/4.3.3/../../../../avr/lib/avr51/crtusb1286.o
__vector_default                                  c:/winavr-20100110/bin/../lib/gcc/avr/4.3.3/../../../../avr/lib/avr51/crtusb1286.o
__vectors                                         c:/winavr-20100110/bin/../lib/gcc/avr/4.3.3/../../../../avr/lib/avr51/crtusb1286.o
_exit                                             c:/winavr-20100110/bin/../lib/gcc/avr/4.3.3/avr51\libgcc.a(_exit.o)
acData                                            obj/display_controller.o
acTyreData                                        obj/display_controller.o
ac_data_initialised                               obj/display_controller.o
ac_tyre_data_initialised                          obj/display_controller.o
clear_display_laptimes                            obj/display_controller.o
clear_screen                                      obj/lcd.o
collect_delta                                     obj/Joystick.o
collect_switch_presses                            obj/display_controller.o
currentTask                                       obj/rios.o
current_game                                      obj/display_controller.o
delta                                             obj/ruota.o
delta_string                                      obj/display_controller.o
disk_initialize                                   obj/sdmm.o
disk_ioctl                                        obj/sdmm.o
disk_read                                         obj/sdmm.o
disk_status                                       obj/sdmm.o
disk_write                                        obj/sdmm.o
display                                           obj/lcd.o
display_char                                      obj/lcd.o
display_char_font                                 obj/lcd.o
                                                  obj/display_controller.o
display_char_font_col                             obj/lcd.o
                                                  obj/display_controller.o
display_laptimes                                  obj/display_controller.o
display_mode                                      obj/display_controller.o
display_register                                  obj/lcd.o
display_string                                    obj/lcd.o
display_string_font                               obj/lcd.o
                                                  obj/display_controller.o
display_string_font_col                           obj/lcd.o
                                                  obj/display_controller.o
display_string_font_len                           obj/lcd.o
display_string_xy                                 obj/lcd.o
                                                  obj/ruota.o
draw_delta                                        obj/display_controller.o
draw_laptime                                      obj/display_controller.o
draw_laptime_best                                 obj/display_controller.o
draw_laptime_current                              obj/display_controller.o
dtoa_prf                                          c:/winavr-20100110/bin/../lib/gcc/avr/4.3.3/../../../../avr/lib/avr51\libc.a(dtoa_prf.o)
                                                  c:/winavr-20100110/bin/../lib/gcc/avr/4.3.3/../../../../avr/lib/avr51\libc.a(dtostrf.o)
dtostrf                                           c:/winavr-20100110/bin/../lib/gcc/avr/4.3.3/../../../../avr/lib/avr51\libc.a(dtostrf.o)
                                                  obj/display_controller.o
exit                                              c:/winavr-20100110/bin/../lib/gcc/avr/4.3.3/avr51\libgcc.a(_exit.o)
                                                  c:/winavr-20100110/bin/../lib/gcc/avr/4.3.3/../../../../avr/lib/avr51/crtusb1286.o
extern_switch_state_D                             obj/ruota.o
extern_switch_state_F                             obj/ruota.o
fill_rectangle                                    obj/lcd.o
                                                  obj/display_controller.o
fill_rectangle_indexed                            obj/lcd.o
font5x7                                           obj/lcd.o
fputc                                             c:/winavr-20100110/bin/../lib/gcc/avr/4.3.3/../../../../avr/lib/avr51\libc.a(fputc.o)
                                                  c:/winavr-20100110/bin/../lib/gcc/avr/4.3.3/../../../../avr/lib/avr51\libc.a(vfprintf_std.o)
free                                              c:/winavr-20100110/bin/../lib/gcc/avr/4.3.3/../../../../avr/lib/avr51\libc.a(malloc.o)
                                                  obj/display_controller.o
get_extern_switch_D                               obj/ruota.o
                                                  obj/Joystick.o
get_extern_switch_F                               obj/ruota.o
                                                  obj/Joystick.o
get_switch_long                                   obj/ruota.o
get_switch_press                                  obj/ruota.o
                                                  obj/display_controller.o
get_switch_rpt                                    obj/ruota.o
get_switch_short                                  obj/ruota.o
get_switch_state                                  obj/ruota.o
idleTask                                          obj/rios.o
init_debug_uart1                                  obj/os.o
init_display_controller                           obj/display_controller.o
                                                  obj/Joystick.o
init_display_laptimes                             obj/display_controller.o
                                                  obj/Joystick.o
init_external_switches                            obj/ruota.o
init_lcd                                          obj/lcd.o
                                                  obj/os.o
lcd_brightness                                    obj/lcd.o
main                                              obj/Joystick.o
                                                  c:/winavr-20100110/bin/../lib/gcc/avr/4.3.3/../../../../avr/lib/avr51/crtusb1286.o
malloc                                            c:/winavr-20100110/bin/../lib/gcc/avr/4.3.3/../../../../avr/lib/avr51\libc.a(malloc.o)
                                                  obj/display_controller.o
memcmp                                            c:/winavr-20100110/bin/../lib/gcc/avr/4.3.3/../../../../avr/lib/avr51\libc.a(memcmp.o)
                                                  obj/HIDClassDevice.o
memcpy                                            c:/winavr-20100110/bin/../lib/gcc/avr/4.3.3/../../../../avr/lib/avr51\libc.a(memcpy.o)
                                                  obj/RNDISClassDevice.o
                                                  obj/HIDClassDevice.o
memcpy_P                                          c:/winavr-20100110/bin/../lib/gcc/avr/4.3.3/../../../../avr/lib/avr51\libc.a(memcpy_P.o)
                                                  obj/RNDISClassDevice.o
memset                                            c:/winavr-20100110/bin/../lib/gcc/avr/4.3.3/../../../../avr/lib/avr51\libc.a(memset.o)
                                                  obj/HIDClassDevice.o
milli_to_string                                   obj/display_controller.o
os_add_task                                       obj/rios.o
                                                  obj/display_controller.o
                                                  obj/ruota.o
                                                  obj/Joystick.o
os_enc_delta                                      obj/ruota.o
                                                  obj/Joystick.o
os_init                                           obj/os.o
                                                  obj/Joystick.o
os_init_ruota                                     obj/ruota.o
                                                  obj/os.o
os_init_scheduler                                 obj/rios.o
                                                  obj/os.o
os_led_brightness                                 obj/rios.o
position                                          obj/Joystick.o
printByte                                         obj/ruota.o
print_switches                                    obj/ruota.o
process_ac_data                                   obj/display_controller.o
process_ac_tyre_data                              obj/display_controller.o
receive_packet                                    obj/display_controller.o
                                                  obj/Joystick.o
refresh_display                                   obj/display_controller.o
runningTasks                                      obj/rios.o
scan_encoder                                      obj/ruota.o
scan_switches                                     obj/ruota.o
schedule_time                                     obj/rios.o
send_usb                                          obj/Joystick.o
set_frame_rate_hz                                 obj/lcd.o
set_orientation                                   obj/lcd.o
sprintf                                           c:/winavr-20100110/bin/../lib/gcc/avr/4.3.3/../../../../avr/lib/avr51\libc.a(sprintf.o)
                                                  obj/display_controller.o
                                                  obj/ruota.o
strcpy                                            c:/winavr-20100110/bin/../lib/gcc/avr/4.3.3/../../../../avr/lib/avr51\libc.a(strcpy.o)
                                                  obj/display_controller.o
strlen_P                                          c:/winavr-20100110/bin/../lib/gcc/avr/4.3.3/../../../../avr/lib/avr51\libc.a(strlen_P.o)
                                                  obj/CDCClassDevice.o
strnlen                                           c:/winavr-20100110/bin/../lib/gcc/avr/4.3.3/../../../../avr/lib/avr51\libc.a(strnlen.o)
                                                  c:/winavr-20100110/bin/../lib/gcc/avr/4.3.3/../../../../avr/lib/avr51\libc.a(vfprintf_std.o)
strnlen_P                                         c:/winavr-20100110/bin/../lib/gcc/avr/4.3.3/../../../../avr/lib/avr51\libc.a(strnlen_P.o)
                                                  c:/winavr-20100110/bin/../lib/gcc/avr/4.3.3/../../../../avr/lib/avr51\libc.a(vfprintf_std.o)
switch_press                                      obj/ruota.o
switch_rpt                                        obj/ruota.o
switch_state                                      obj/ruota.o
tasks                                             obj/rios.o
tasksNum                                          obj/rios.o
ugetchar1                                         obj/os.o
uputchar1                                         obj/os.o
vfprintf                                          c:/winavr-20100110/bin/../lib/gcc/avr/4.3.3/../../../../avr/lib/avr51\libc.a(vfprintf_std.o)
                                                  c:/winavr-20100110/bin/../lib/gcc/avr/4.3.3/../../../../avr/lib/avr51\libc.a(sprintf.o)
